// Jest Snapshot v1, https://goo.gl/fbAQLP

exports[`Button example snapshot test on - web 1`] = `
<div
  data-focusable={true}
  onKeyDown={[Function]}
  onKeyUp={[Function]}
  onResponderGrant={[Function]}
  onResponderMove={[Function]}
  onResponderRelease={[Function]}
  onResponderTerminate={[Function]}
  onResponderTerminationRequest={[Function]}
  onStartShouldSetResponder={[Function]}
  style={
    Object {
      "MozUserSelect": "none",
      "WebkitAlignItems": "stretch",
      "WebkitBoxAlign": "stretch",
      "WebkitBoxDirection": "normal",
      "WebkitBoxOrient": "vertical",
      "WebkitFlexBasis": "auto",
      "WebkitFlexDirection": "column",
      "WebkitFlexShrink": 0,
      "WebkitUserSelect": "none",
      "alignItems": "stretch",
      "backgroundColor": "rgba(27,149,224,1.00)",
      "borderBottomLeftRadius": "3px",
      "borderBottomRightRadius": "3px",
      "borderBottomStyle": "solid",
      "borderBottomWidth": "0px",
      "borderLeftStyle": "solid",
      "borderLeftWidth": "0px",
      "borderRightStyle": "solid",
      "borderRightWidth": "0px",
      "borderTopLeftRadius": "3px",
      "borderTopRightRadius": "3px",
      "borderTopStyle": "solid",
      "borderTopWidth": "0px",
      "boxShadow": "1px 1px 3px rgba(204,204,204,0.50)",
      "boxSizing": "border-box",
      "cursor": "pointer",
      "display": "flex",
      "flexBasis": "auto",
      "flexDirection": "column",
      "flexShrink": 0,
      "marginBottom": "10px",
      "marginLeft": "0px",
      "marginRight": "0px",
      "marginTop": "10px",
      "minHeight": "0px",
      "minWidth": "0px",
      "msFlexAlign": "stretch",
      "msFlexDirection": "column",
      "msFlexNegative": 0,
      "msFlexPreferredSize": "auto",
      "msTouchAction": "manipulation",
      "msUserSelect": "none",
      "paddingBottom": "20px",
      "paddingLeft": "20px",
      "paddingRight": "20px",
      "paddingTop": "20px",
      "position": "relative",
      "touchAction": "manipulation",
      "userSelect": "none",
      "zIndex": 0,
    }
  }
  tabIndex="0"
>
  <div
    dir="auto"
    style={
      Object {
        "borderBottomWidth": "0px",
        "borderLeftWidth": "0px",
        "borderRightWidth": "0px",
        "borderTopWidth": "0px",
        "boxSizing": "border-box",
        "color": "rgba(255,255,255,1.00)",
        "display": "inline",
        "fontFamily": "system-ui, -apple-system, BlinkMacSystemFont, \\"Segoe UI\\", Roboto, Ubuntu, \\"Helvetica Neue\\", sans-serif",
        "fontSize": "16px",
        "fontStyle": "inherit",
        "fontVariant": "inherit",
        "fontWeight": "bold",
        "lineHeight": "inherit",
        "marginBottom": "0px",
        "marginLeft": "0px",
        "marginRight": "0px",
        "marginTop": "0px",
        "paddingBottom": "0px",
        "paddingLeft": "0px",
        "paddingRight": "0px",
        "paddingTop": "0px",
        "textDecoration": "none",
        "whiteSpace": "pre-wrap",
        "wordWrap": "break-word",
      }
    }
  />
</div>
`;
