// Jest Snapshot v1, https://goo.gl/fbAQLP

exports[`App example snapshot test on - web 1`] = `
<div
  style={
    Object {
      "WebkitAlignItems": "center",
      "WebkitBoxAlign": "center",
      "WebkitBoxDirection": "normal",
      "WebkitBoxFlex": 1,
      "WebkitBoxOrient": "vertical",
      "WebkitBoxPack": "center",
      "WebkitFlexBasis": "0%",
      "WebkitFlexDirection": "column",
      "WebkitFlexGrow": 1,
      "WebkitFlexShrink": 1,
      "WebkitJustifyContent": "center",
      "alignItems": "center",
      "backgroundColor": "rgba(255,255,255,1.00)",
      "borderBottomStyle": "solid",
      "borderBottomWidth": "0px",
      "borderLeftStyle": "solid",
      "borderLeftWidth": "0px",
      "borderRightStyle": "solid",
      "borderRightWidth": "0px",
      "borderTopStyle": "solid",
      "borderTopWidth": "0px",
      "boxSizing": "border-box",
      "display": "flex",
      "flexBasis": "0%",
      "flexDirection": "column",
      "flexGrow": 1,
      "flexShrink": 1,
      "justifyContent": "center",
      "marginBottom": "0px",
      "marginLeft": "0px",
      "marginRight": "0px",
      "marginTop": "0px",
      "minHeight": "0px",
      "minWidth": "0px",
      "msFlexAlign": "center",
      "msFlexDirection": "column",
      "msFlexNegative": 1,
      "msFlexPack": "center",
      "msFlexPositive": 1,
      "msFlexPreferredSize": "0%",
      "overflowX": "hidden",
      "overflowY": "hidden",
      "paddingBottom": "0px",
      "paddingLeft": "0px",
      "paddingRight": "0px",
      "paddingTop": "0px",
      "position": "relative",
      "width": "100%",
      "zIndex": 0,
    }
  }
>
  <div
    style={
      Object {
        "WebkitAlignItems": "center",
        "WebkitBoxAlign": "center",
        "WebkitBoxDirection": "normal",
        "WebkitBoxFlex": 1,
        "WebkitBoxOrient": "vertical",
        "WebkitBoxPack": "center",
        "WebkitFlexBasis": "0%",
        "WebkitFlexDirection": "column",
        "WebkitFlexGrow": 1,
        "WebkitFlexShrink": 1,
        "WebkitJustifyContent": "center",
        "alignItems": "center",
        "backgroundColor": "rgba(255,255,255,1.00)",
        "borderBottomStyle": "solid",
        "borderBottomWidth": "0px",
        "borderLeftStyle": "solid",
        "borderLeftWidth": "0px",
        "borderRightStyle": "solid",
        "borderRightWidth": "0px",
        "borderTopStyle": "solid",
        "borderTopWidth": "0px",
        "boxSizing": "border-box",
        "display": "flex",
        "flexBasis": "0%",
        "flexDirection": "column",
        "flexGrow": 1,
        "flexShrink": 1,
        "justifyContent": "center",
        "marginBottom": "0px",
        "marginLeft": "0px",
        "marginRight": "0px",
        "marginTop": "0px",
        "minHeight": "0px",
        "minWidth": "0px",
        "msFlexAlign": "center",
        "msFlexDirection": "column",
        "msFlexNegative": 1,
        "msFlexPack": "center",
        "msFlexPositive": 1,
        "msFlexPreferredSize": "0%",
        "paddingBottom": "0px",
        "paddingLeft": "0px",
        "paddingRight": "0px",
        "paddingTop": "0px",
        "position": "relative",
        "width": "100%",
        "zIndex": 0,
      }
    }
  >
    <div
      style={
        Object {
          "WebkitAlignItems": "stretch",
          "WebkitBoxAlign": "stretch",
          "WebkitBoxDirection": "normal",
          "WebkitBoxOrient": "vertical",
          "WebkitFlexBasis": "auto",
          "WebkitFlexDirection": "column",
          "WebkitFlexShrink": 0,
          "WebkitTransform": "rotate(0deg)",
          "alignItems": "stretch",
          "borderBottomStyle": "solid",
          "borderBottomWidth": "0px",
          "borderLeftStyle": "solid",
          "borderLeftWidth": "0px",
          "borderRightStyle": "solid",
          "borderRightWidth": "0px",
          "borderTopStyle": "solid",
          "borderTopWidth": "0px",
          "boxSizing": "border-box",
          "display": "flex",
          "flexBasis": "auto",
          "flexDirection": "column",
          "flexShrink": 0,
          "height": "300px",
          "marginBottom": "0px",
          "marginLeft": "0px",
          "marginRight": "0px",
          "marginTop": "0px",
          "minHeight": "0px",
          "minWidth": "0px",
          "msFlexAlign": "stretch",
          "msFlexDirection": "column",
          "msFlexNegative": 0,
          "msFlexPreferredSize": "auto",
          "overflowX": "hidden",
          "overflowY": "hidden",
          "paddingBottom": "0px",
          "paddingLeft": "0px",
          "paddingRight": "0px",
          "paddingTop": "0px",
          "position": "relative",
          "transform": "rotate(0deg)",
          "width": "300px",
          "zIndex": 0,
        }
      }
    >
      <div
        style={
          Object {
            "WebkitAlignItems": "stretch",
            "WebkitBoxAlign": "stretch",
            "WebkitBoxDirection": "normal",
            "WebkitBoxOrient": "vertical",
            "WebkitFlexBasis": "auto",
            "WebkitFlexDirection": "column",
            "WebkitFlexShrink": 0,
            "alignItems": "stretch",
            "backgroundColor": "rgba(0,0,0,0.00)",
            "backgroundImage": "url(\\"logo.png\\")",
            "backgroundPosition": "center",
            "backgroundRepeat": "no-repeat",
            "backgroundSize": "cover",
            "borderBottomStyle": "solid",
            "borderBottomWidth": "0px",
            "borderLeftStyle": "solid",
            "borderLeftWidth": "0px",
            "borderRightStyle": "solid",
            "borderRightWidth": "0px",
            "borderTopStyle": "solid",
            "borderTopWidth": "0px",
            "bottom": "0px",
            "boxSizing": "border-box",
            "display": "flex",
            "flexBasis": "auto",
            "flexDirection": "column",
            "flexShrink": 0,
            "height": "100%",
            "left": "0px",
            "marginBottom": "0px",
            "marginLeft": "0px",
            "marginRight": "0px",
            "marginTop": "0px",
            "minHeight": "0px",
            "minWidth": "0px",
            "msFlexAlign": "stretch",
            "msFlexDirection": "column",
            "msFlexNegative": 0,
            "msFlexPreferredSize": "auto",
            "paddingBottom": "0px",
            "paddingLeft": "0px",
            "paddingRight": "0px",
            "paddingTop": "0px",
            "position": "absolute",
            "right": "0px",
            "top": "0px",
            "width": "100%",
            "zIndex": -1,
          }
        }
      />
      <img
        alt=""
        draggable={false}
        src="logo.png"
        style={
          Object {
            "bottom": "0px",
            "height": "100%",
            "left": "0px",
            "opacity": 0,
            "position": "absolute",
            "right": "0px",
            "top": "0px",
            "width": "100%",
            "zIndex": -1,
          }
        }
      />
    </div>
    <div
      dir="auto"
      style={
        Object {
          "borderBottomWidth": "0px",
          "borderLeftWidth": "0px",
          "borderRightWidth": "0px",
          "borderTopWidth": "0px",
          "boxSizing": "border-box",
          "color": "inherit",
          "display": "inline",
          "fontFamily": "system-ui, -apple-system, BlinkMacSystemFont, \\"Segoe UI\\", Roboto, Ubuntu, \\"Helvetica Neue\\", sans-serif",
          "fontSize": "16px",
          "fontStyle": "inherit",
          "fontVariant": "inherit",
          "fontWeight": "bold",
          "lineHeight": "inherit",
          "marginBottom": "0px",
          "marginLeft": "0px",
          "marginRight": "0px",
          "marginTop": "0px",
          "paddingBottom": "0px",
          "paddingLeft": "0px",
          "paddingRight": "0px",
          "paddingTop": "0px",
          "textDecoration": "none",
          "whiteSpace": "pre-wrap",
          "wordWrap": "break-word",
        }
      }
    >
      Create React Native Web App
    </div>
    <div
      dir="auto"
      style={
        Object {
          "borderBottomWidth": "0px",
          "borderLeftWidth": "0px",
          "borderRightWidth": "0px",
          "borderTopWidth": "0px",
          "boxSizing": "border-box",
          "color": "inherit",
          "display": "inline",
          "fontFamily": "system-ui, -apple-system, BlinkMacSystemFont, \\"Segoe UI\\", Roboto, Ubuntu, \\"Helvetica Neue\\", sans-serif",
          "fontSize": "14px",
          "fontStyle": "inherit",
          "fontVariant": "inherit",
          "fontWeight": "inherit",
          "lineHeight": "inherit",
          "marginBottom": "0px",
          "marginLeft": "0px",
          "marginRight": "0px",
          "marginTop": "0px",
          "paddingBottom": "0px",
          "paddingLeft": "0px",
          "paddingRight": "0px",
          "paddingTop": "0px",
          "textDecoration": "none",
          "whiteSpace": "pre-wrap",
          "wordWrap": "break-word",
        }
      }
    >
      Open up src/App.js to start working on your app!
    </div>
    <div
      dir="auto"
      style={
        Object {
          "borderBottomWidth": "0px",
          "borderLeftWidth": "0px",
          "borderRightWidth": "0px",
          "borderTopWidth": "0px",
          "boxSizing": "border-box",
          "color": "inherit",
          "display": "inline",
          "fontFamily": "system-ui, -apple-system, BlinkMacSystemFont, \\"Segoe UI\\", Roboto, Ubuntu, \\"Helvetica Neue\\", sans-serif",
          "fontSize": "14px",
          "fontStyle": "inherit",
          "fontVariant": "inherit",
          "fontWeight": "inherit",
          "lineHeight": "inherit",
          "marginBottom": "0px",
          "marginLeft": "0px",
          "marginRight": "0px",
          "marginTop": "0px",
          "paddingBottom": "0px",
          "paddingLeft": "0px",
          "paddingRight": "0px",
          "paddingTop": "0px",
          "textDecoration": "none",
          "whiteSpace": "pre-wrap",
          "wordWrap": "break-word",
        }
      }
    >
      Changes you make will automatically reload.
    </div>
    <div
      data-focusable={true}
      onKeyDown={[Function]}
      onKeyUp={[Function]}
      onResponderGrant={[Function]}
      onResponderMove={[Function]}
      onResponderRelease={[Function]}
      onResponderTerminate={[Function]}
      onResponderTerminationRequest={[Function]}
      onStartShouldSetResponder={[Function]}
      style={
        Object {
          "MozUserSelect": "none",
          "WebkitAlignItems": "stretch",
          "WebkitBoxAlign": "stretch",
          "WebkitBoxDirection": "normal",
          "WebkitBoxOrient": "vertical",
          "WebkitFlexBasis": "auto",
          "WebkitFlexDirection": "column",
          "WebkitFlexShrink": 0,
          "WebkitUserSelect": "none",
          "alignItems": "stretch",
          "backgroundColor": "rgba(27,149,224,1.00)",
          "borderBottomLeftRadius": "3px",
          "borderBottomRightRadius": "3px",
          "borderBottomStyle": "solid",
          "borderBottomWidth": "0px",
          "borderLeftStyle": "solid",
          "borderLeftWidth": "0px",
          "borderRightStyle": "solid",
          "borderRightWidth": "0px",
          "borderTopLeftRadius": "3px",
          "borderTopRightRadius": "3px",
          "borderTopStyle": "solid",
          "borderTopWidth": "0px",
          "boxShadow": "1px 1px 3px rgba(204,204,204,0.50)",
          "boxSizing": "border-box",
          "cursor": "pointer",
          "display": "flex",
          "flexBasis": "auto",
          "flexDirection": "column",
          "flexShrink": 0,
          "marginBottom": "10px",
          "marginLeft": "0px",
          "marginRight": "0px",
          "marginTop": "10px",
          "minHeight": "0px",
          "minWidth": "0px",
          "msFlexAlign": "stretch",
          "msFlexDirection": "column",
          "msFlexNegative": 0,
          "msFlexPreferredSize": "auto",
          "msTouchAction": "manipulation",
          "msUserSelect": "none",
          "paddingBottom": "20px",
          "paddingLeft": "20px",
          "paddingRight": "20px",
          "paddingTop": "20px",
          "position": "relative",
          "touchAction": "manipulation",
          "userSelect": "none",
          "zIndex": 0,
        }
      }
      tabIndex="0"
    >
      <div
        dir="auto"
        style={
          Object {
            "borderBottomWidth": "0px",
            "borderLeftWidth": "0px",
            "borderRightWidth": "0px",
            "borderTopWidth": "0px",
            "boxSizing": "border-box",
            "color": "rgba(255,255,255,1.00)",
            "display": "inline",
            "fontFamily": "system-ui, -apple-system, BlinkMacSystemFont, \\"Segoe UI\\", Roboto, Ubuntu, \\"Helvetica Neue\\", sans-serif",
            "fontSize": "16px",
            "fontStyle": "inherit",
            "fontVariant": "inherit",
            "fontWeight": "bold",
            "lineHeight": "inherit",
            "marginBottom": "0px",
            "marginLeft": "0px",
            "marginRight": "0px",
            "marginTop": "0px",
            "paddingBottom": "0px",
            "paddingLeft": "0px",
            "paddingRight": "0px",
            "paddingTop": "0px",
            "textDecoration": "none",
            "whiteSpace": "pre-wrap",
            "wordWrap": "break-word",
          }
        }
      >
        Rotate Logo
      </div>
    </div>
  </div>
  <div
    style={
      Object {
        "WebkitAlignItems": "stretch",
        "WebkitBoxAlign": "stretch",
        "WebkitBoxDirection": "normal",
        "WebkitBoxOrient": "horizontal",
        "WebkitFlexBasis": "auto",
        "WebkitFlexDirection": "row",
        "WebkitFlexShrink": 0,
        "alignItems": "stretch",
        "borderBottomStyle": "solid",
        "borderBottomWidth": "0px",
        "borderLeftStyle": "solid",
        "borderLeftWidth": "0px",
        "borderRightStyle": "solid",
        "borderRightWidth": "0px",
        "borderTopStyle": "solid",
        "borderTopWidth": "0px",
        "bottom": "0px",
        "boxSizing": "border-box",
        "display": "flex",
        "flexBasis": "auto",
        "flexDirection": "row",
        "flexShrink": 0,
        "marginBottom": "0px",
        "marginLeft": "0px",
        "marginRight": "0px",
        "marginTop": "0px",
        "minHeight": "0px",
        "minWidth": "0px",
        "msFlexAlign": "stretch",
        "msFlexDirection": "row",
        "msFlexNegative": 0,
        "msFlexPreferredSize": "auto",
        "paddingBottom": "0px",
        "paddingLeft": "5px",
        "paddingRight": "0px",
        "paddingTop": "0px",
        "position": "absolute",
        "right": "-280px",
        "top": "0px",
        "width": "320px",
        "zIndex": 0,
      }
    }
  >
    <div
      onMoveShouldSetResponder={[Function]}
      onMoveShouldSetResponderCapture={[Function]}
      onResponderEnd={[Function]}
      onResponderGrant={[Function]}
      onResponderMove={[Function]}
      onResponderReject={[Function]}
      onResponderRelease={[Function]}
      onResponderStart={[Function]}
      onResponderTerminate={[Function]}
      onResponderTerminationRequest={[Function]}
      onStartShouldSetResponder={[Function]}
      onStartShouldSetResponderCapture={[Function]}
      style={
        Object {
          "WebkitAlignItems": "stretch",
          "WebkitBoxAlign": "stretch",
          "WebkitBoxDirection": "normal",
          "WebkitBoxFlex": 1,
          "WebkitBoxOrient": "vertical",
          "WebkitFlexBasis": "0%",
          "WebkitFlexDirection": "column",
          "WebkitFlexGrow": 1,
          "WebkitFlexShrink": 1,
          "alignItems": "stretch",
          "borderBottomStyle": "solid",
          "borderBottomWidth": "0px",
          "borderLeftStyle": "solid",
          "borderLeftWidth": "0px",
          "borderRightStyle": "solid",
          "borderRightWidth": "0px",
          "borderTopStyle": "solid",
          "borderTopWidth": "0px",
          "boxSizing": "border-box",
          "display": "flex",
          "flexBasis": "0%",
          "flexDirection": "column",
          "flexGrow": 1,
          "flexShrink": 1,
          "marginBottom": "0px",
          "marginLeft": "0px",
          "marginRight": "0px",
          "marginTop": "0px",
          "minHeight": "0px",
          "minWidth": "0px",
          "msFlexAlign": "stretch",
          "msFlexDirection": "column",
          "msFlexNegative": 1,
          "msFlexPositive": 1,
          "msFlexPreferredSize": "0%",
          "paddingBottom": "0px",
          "paddingLeft": "0px",
          "paddingRight": "0px",
          "paddingTop": "0px",
          "position": "relative",
          "zIndex": 0,
        }
      }
    >
      <div
        style={
          Object {
            "WebkitAlignItems": "stretch",
            "WebkitBoxAlign": "stretch",
            "WebkitBoxDirection": "normal",
            "WebkitBoxFlex": 1,
            "WebkitBoxOrient": "horizontal",
            "WebkitFlexBasis": "0%",
            "WebkitFlexDirection": "row",
            "WebkitFlexGrow": 1,
            "WebkitFlexShrink": 1,
            "alignItems": "stretch",
            "borderBottomStyle": "solid",
            "borderBottomWidth": "0px",
            "borderLeftStyle": "solid",
            "borderLeftWidth": "0px",
            "borderRightStyle": "solid",
            "borderRightWidth": "0px",
            "borderTopStyle": "solid",
            "borderTopWidth": "0px",
            "boxSizing": "border-box",
            "display": "flex",
            "flexBasis": "0%",
            "flexDirection": "row",
            "flexGrow": 1,
            "flexShrink": 1,
            "marginBottom": "0px",
            "marginLeft": "0px",
            "marginRight": "0px",
            "marginTop": "0px",
            "minHeight": "0px",
            "minWidth": "0px",
            "msFlexAlign": "stretch",
            "msFlexDirection": "row",
            "msFlexNegative": 1,
            "msFlexPositive": 1,
            "msFlexPreferredSize": "0%",
            "paddingBottom": "0px",
            "paddingLeft": "0px",
            "paddingRight": "0px",
            "paddingTop": "0px",
            "position": "relative",
            "zIndex": 0,
          }
        }
      >
        <div
          data-focusable={true}
          onKeyDown={[Function]}
          onKeyUp={[Function]}
          onResponderGrant={[Function]}
          onResponderMove={[Function]}
          onResponderRelease={[Function]}
          onResponderTerminate={[Function]}
          onResponderTerminationRequest={[Function]}
          onStartShouldSetResponder={[Function]}
          style={
            Object {
              "MozUserSelect": "none",
              "WebkitAlignItems": "stretch",
              "WebkitAlignSelf": "flex-start",
              "WebkitBoxAlign": "stretch",
              "WebkitBoxDirection": "normal",
              "WebkitBoxOrient": "vertical",
              "WebkitFlexBasis": "auto",
              "WebkitFlexDirection": "column",
              "WebkitFlexShrink": 0,
              "WebkitUserSelect": "none",
              "alignItems": "stretch",
              "alignSelf": "flex-start",
              "backgroundColor": "rgba(0,0,0,0.00)",
              "borderBottomLeftRadius": "3px",
              "borderBottomRightRadius": "3px",
              "borderBottomStyle": "solid",
              "borderBottomWidth": "0px",
              "borderLeftStyle": "solid",
              "borderLeftWidth": "0px",
              "borderRightStyle": "solid",
              "borderRightWidth": "0px",
              "borderTopLeftRadius": "3px",
              "borderTopRightRadius": "3px",
              "borderTopStyle": "solid",
              "borderTopWidth": "0px",
              "boxSizing": "border-box",
              "cursor": "pointer",
              "display": "flex",
              "flexBasis": "auto",
              "flexDirection": "column",
              "flexShrink": 0,
              "marginBottom": "0px",
              "marginLeft": "0px",
              "marginRight": "10px",
              "marginTop": "5px",
              "minHeight": "0px",
              "minWidth": "0px",
              "msFlexAlign": "stretch",
              "msFlexDirection": "column",
              "msFlexItemAlign": "start",
              "msFlexNegative": 0,
              "msFlexPreferredSize": "auto",
              "msTouchAction": "manipulation",
              "msUserSelect": "none",
              "paddingBottom": "0px",
              "paddingLeft": "0px",
              "paddingRight": "0px",
              "paddingTop": "0px",
              "position": "relative",
              "touchAction": "manipulation",
              "userSelect": "none",
              "zIndex": 0,
            }
          }
          tabIndex="0"
        >
          <div
            dir="auto"
            style={
              Object {
                "borderBottomWidth": "0px",
                "borderLeftWidth": "0px",
                "borderRightWidth": "0px",
                "borderTopWidth": "0px",
                "boxSizing": "border-box",
                "color": "rgba(51,51,51,1.00)",
                "display": "inline",
                "fontFamily": "system-ui, -apple-system, BlinkMacSystemFont, \\"Segoe UI\\", Roboto, Ubuntu, \\"Helvetica Neue\\", sans-serif",
                "fontSize": "14px",
                "fontStyle": "inherit",
                "fontVariant": "inherit",
                "fontWeight": "bold",
                "lineHeight": "inherit",
                "marginBottom": "0px",
                "marginLeft": "0px",
                "marginRight": "0px",
                "marginTop": "0px",
                "paddingBottom": "0px",
                "paddingLeft": "0px",
                "paddingRight": "0px",
                "paddingTop": "0px",
                "textDecoration": "none",
                "whiteSpace": "pre-wrap",
                "wordWrap": "break-word",
              }
            }
          >
            <span
              dir="auto"
              style={
                Object {
                  "borderBottomWidth": "0px",
                  "borderLeftWidth": "0px",
                  "borderRightWidth": "0px",
                  "borderTopWidth": "0px",
                  "boxSizing": "border-box",
                  "color": "rgba(51,51,51,1.00)",
                  "display": "inline",
                  "fontFamily": "Material Icons",
                  "fontSize": "30px",
                  "fontStyle": "normal",
                  "fontVariant": "inherit",
                  "fontWeight": "normal",
                  "lineHeight": "inherit",
                  "marginBottom": "0px",
                  "marginLeft": "0px",
                  "marginRight": "0px",
                  "marginTop": "0px",
                  "paddingBottom": "0px",
                  "paddingLeft": "0px",
                  "paddingRight": "0px",
                  "paddingTop": "0px",
                  "textDecoration": "none",
                  "whiteSpace": "inherit",
                  "wordWrap": "break-word",
                }
              }
            >
              
            </span>
          </div>
        </div>
        <div
          style={
            Object {
              "WebkitAlignItems": "stretch",
              "WebkitAlignSelf": "stretch",
              "WebkitBoxAlign": "stretch",
              "WebkitBoxDirection": "normal",
              "WebkitBoxOrient": "vertical",
              "WebkitFlexBasis": "auto",
              "WebkitFlexDirection": "column",
              "WebkitFlexShrink": 0,
              "alignItems": "stretch",
              "alignSelf": "stretch",
              "backgroundColor": "rgba(221,221,221,1.00)",
              "borderBottomStyle": "solid",
              "borderBottomWidth": "0px",
              "borderLeftStyle": "solid",
              "borderLeftWidth": "0px",
              "borderRightStyle": "solid",
              "borderRightWidth": "0px",
              "borderTopStyle": "solid",
              "borderTopWidth": "0px",
              "boxShadow": "1px 1px 3px rgba(204,204,204,0.50)",
              "boxSizing": "border-box",
              "display": "flex",
              "flexBasis": "auto",
              "flexDirection": "column",
              "flexShrink": 0,
              "marginBottom": "0px",
              "marginLeft": "0px",
              "marginRight": "0px",
              "marginTop": "0px",
              "minHeight": "0px",
              "minWidth": "0px",
              "msFlexAlign": "stretch",
              "msFlexDirection": "column",
              "msFlexItemAlign": "stretch",
              "msFlexNegative": 0,
              "msFlexPreferredSize": "auto",
              "overflowX": "hidden",
              "overflowY": "hidden",
              "paddingBottom": "0px",
              "paddingLeft": "0px",
              "paddingRight": "0px",
              "paddingTop": "10px",
              "position": "relative",
              "width": "280px",
              "zIndex": 0,
            }
          }
        >
          <div
            className="nav-link"
            data-focusable={true}
            onClick={[Function]}
            onKeyDown={[Function]}
            onKeyUp={[Function]}
            onResponderGrant={[Function]}
            onResponderMove={[Function]}
            onResponderRelease={[Function]}
            onResponderTerminate={[Function]}
            onResponderTerminationRequest={[Function]}
            onStartShouldSetResponder={[Function]}
            style={
              Object {
                "MozUserSelect": "none",
                "WebkitAlignItems": "stretch",
                "WebkitBoxAlign": "stretch",
                "WebkitBoxDirection": "normal",
                "WebkitBoxOrient": "vertical",
                "WebkitFlexBasis": "auto",
                "WebkitFlexDirection": "column",
                "WebkitFlexShrink": 0,
                "WebkitUserSelect": "none",
                "alignItems": "stretch",
                "backgroundColor": "rgba(0,0,0,0.00)",
                "borderBottomStyle": "solid",
                "borderBottomWidth": "0px",
                "borderLeftStyle": "solid",
                "borderLeftWidth": "0px",
                "borderRightStyle": "solid",
                "borderRightWidth": "0px",
                "borderTopStyle": "solid",
                "borderTopWidth": "0px",
                "boxSizing": "border-box",
                "cursor": "pointer",
                "display": "flex",
                "flexBasis": "auto",
                "flexDirection": "column",
                "flexShrink": 0,
                "marginBottom": "0px",
                "marginLeft": "0px",
                "marginRight": "0px",
                "marginTop": "0px",
                "minHeight": "0px",
                "minWidth": "0px",
                "msFlexAlign": "stretch",
                "msFlexDirection": "column",
                "msFlexNegative": 0,
                "msFlexPreferredSize": "auto",
                "msTouchAction": "manipulation",
                "msUserSelect": "none",
                "paddingBottom": "0px",
                "paddingLeft": "0px",
                "paddingRight": "0px",
                "paddingTop": "0px",
                "position": "relative",
                "touchAction": "manipulation",
                "userSelect": "none",
                "zIndex": 0,
              }
            }
            tabIndex="0"
          >
            <div
              dir="auto"
              style={
                Object {
                  "WebkitAlignSelf": "flex-start",
                  "WebkitFlexBasis": "auto",
                  "WebkitFlexShrink": 0,
                  "alignSelf": "flex-start",
                  "borderBottomLeftRadius": "3px",
                  "borderBottomRightRadius": "3px",
                  "borderBottomWidth": "0px",
                  "borderLeftWidth": "0px",
                  "borderRightWidth": "0px",
                  "borderTopLeftRadius": "3px",
                  "borderTopRightRadius": "3px",
                  "borderTopWidth": "0px",
                  "boxSizing": "border-box",
                  "color": "rgba(27,149,224,1.00)",
                  "display": "flex",
                  "flexBasis": "auto",
                  "flexShrink": 0,
                  "fontFamily": "system-ui, -apple-system, BlinkMacSystemFont, \\"Segoe UI\\", Roboto, Ubuntu, \\"Helvetica Neue\\", sans-serif",
                  "fontSize": "24px",
                  "fontStyle": "inherit",
                  "fontVariant": "inherit",
                  "fontWeight": "bold",
                  "lineHeight": "inherit",
                  "marginBottom": "10px",
                  "marginLeft": "0px",
                  "marginRight": "0px",
                  "marginTop": "10px",
                  "msFlexItemAlign": "start",
                  "msFlexNegative": 0,
                  "msFlexPreferredSize": "auto",
                  "paddingBottom": "0px",
                  "paddingLeft": "10px",
                  "paddingRight": "0px",
                  "paddingTop": "0px",
                  "textDecoration": "none",
                  "whiteSpace": "pre-wrap",
                  "width": "100%",
                  "wordWrap": "break-word",
                }
              }
            >
              Home
            </div>
          </div>
          <div
            className="nav-link"
            data-focusable={true}
            onClick={[Function]}
            onKeyDown={[Function]}
            onKeyUp={[Function]}
            onResponderGrant={[Function]}
            onResponderMove={[Function]}
            onResponderRelease={[Function]}
            onResponderTerminate={[Function]}
            onResponderTerminationRequest={[Function]}
            onStartShouldSetResponder={[Function]}
            style={
              Object {
                "MozUserSelect": "none",
                "WebkitAlignItems": "stretch",
                "WebkitBoxAlign": "stretch",
                "WebkitBoxDirection": "normal",
                "WebkitBoxOrient": "vertical",
                "WebkitFlexBasis": "auto",
                "WebkitFlexDirection": "column",
                "WebkitFlexShrink": 0,
                "WebkitUserSelect": "none",
                "alignItems": "stretch",
                "backgroundColor": "rgba(0,0,0,0.00)",
                "borderBottomStyle": "solid",
                "borderBottomWidth": "0px",
                "borderLeftStyle": "solid",
                "borderLeftWidth": "0px",
                "borderRightStyle": "solid",
                "borderRightWidth": "0px",
                "borderTopStyle": "solid",
                "borderTopWidth": "0px",
                "boxSizing": "border-box",
                "cursor": "pointer",
                "display": "flex",
                "flexBasis": "auto",
                "flexDirection": "column",
                "flexShrink": 0,
                "marginBottom": "0px",
                "marginLeft": "0px",
                "marginRight": "0px",
                "marginTop": "0px",
                "minHeight": "0px",
                "minWidth": "0px",
                "msFlexAlign": "stretch",
                "msFlexDirection": "column",
                "msFlexNegative": 0,
                "msFlexPreferredSize": "auto",
                "msTouchAction": "manipulation",
                "msUserSelect": "none",
                "paddingBottom": "0px",
                "paddingLeft": "0px",
                "paddingRight": "0px",
                "paddingTop": "0px",
                "position": "relative",
                "touchAction": "manipulation",
                "userSelect": "none",
                "zIndex": 0,
              }
            }
            tabIndex="0"
          >
            <div
              dir="auto"
              style={
                Object {
                  "WebkitAlignSelf": "flex-start",
                  "WebkitFlexBasis": "auto",
                  "WebkitFlexShrink": 0,
                  "alignSelf": "flex-start",
                  "borderBottomLeftRadius": "3px",
                  "borderBottomRightRadius": "3px",
                  "borderBottomWidth": "0px",
                  "borderLeftWidth": "0px",
                  "borderRightWidth": "0px",
                  "borderTopLeftRadius": "3px",
                  "borderTopRightRadius": "3px",
                  "borderTopWidth": "0px",
                  "boxSizing": "border-box",
                  "color": "rgba(27,149,224,1.00)",
                  "display": "flex",
                  "flexBasis": "auto",
                  "flexShrink": 0,
                  "fontFamily": "system-ui, -apple-system, BlinkMacSystemFont, \\"Segoe UI\\", Roboto, Ubuntu, \\"Helvetica Neue\\", sans-serif",
                  "fontSize": "24px",
                  "fontStyle": "inherit",
                  "fontVariant": "inherit",
                  "fontWeight": "bold",
                  "lineHeight": "inherit",
                  "marginBottom": "10px",
                  "marginLeft": "0px",
                  "marginRight": "0px",
                  "marginTop": "10px",
                  "msFlexItemAlign": "start",
                  "msFlexNegative": 0,
                  "msFlexPreferredSize": "auto",
                  "paddingBottom": "0px",
                  "paddingLeft": "10px",
                  "paddingRight": "0px",
                  "paddingTop": "0px",
                  "textDecoration": "none",
                  "whiteSpace": "pre-wrap",
                  "width": "100%",
                  "wordWrap": "break-word",
                }
              }
            >
              About
            </div>
          </div>
          <div
            className="nav-link"
            data-focusable={true}
            onClick={[Function]}
            onKeyDown={[Function]}
            onKeyUp={[Function]}
            onResponderGrant={[Function]}
            onResponderMove={[Function]}
            onResponderRelease={[Function]}
            onResponderTerminate={[Function]}
            onResponderTerminationRequest={[Function]}
            onStartShouldSetResponder={[Function]}
            style={
              Object {
                "MozUserSelect": "none",
                "WebkitAlignItems": "stretch",
                "WebkitBoxAlign": "stretch",
                "WebkitBoxDirection": "normal",
                "WebkitBoxOrient": "vertical",
                "WebkitFlexBasis": "auto",
                "WebkitFlexDirection": "column",
                "WebkitFlexShrink": 0,
                "WebkitUserSelect": "none",
                "alignItems": "stretch",
                "backgroundColor": "rgba(0,0,0,0.00)",
                "borderBottomStyle": "solid",
                "borderBottomWidth": "0px",
                "borderLeftStyle": "solid",
                "borderLeftWidth": "0px",
                "borderRightStyle": "solid",
                "borderRightWidth": "0px",
                "borderTopStyle": "solid",
                "borderTopWidth": "0px",
                "boxSizing": "border-box",
                "cursor": "pointer",
                "display": "flex",
                "flexBasis": "auto",
                "flexDirection": "column",
                "flexShrink": 0,
                "marginBottom": "0px",
                "marginLeft": "0px",
                "marginRight": "0px",
                "marginTop": "0px",
                "minHeight": "0px",
                "minWidth": "0px",
                "msFlexAlign": "stretch",
                "msFlexDirection": "column",
                "msFlexNegative": 0,
                "msFlexPreferredSize": "auto",
                "msTouchAction": "manipulation",
                "msUserSelect": "none",
                "paddingBottom": "0px",
                "paddingLeft": "0px",
                "paddingRight": "0px",
                "paddingTop": "0px",
                "position": "relative",
                "touchAction": "manipulation",
                "userSelect": "none",
                "zIndex": 0,
              }
            }
            tabIndex="0"
          >
            <div
              dir="auto"
              style={
                Object {
                  "WebkitAlignSelf": "flex-start",
                  "WebkitFlexBasis": "auto",
                  "WebkitFlexShrink": 0,
                  "alignSelf": "flex-start",
                  "borderBottomLeftRadius": "3px",
                  "borderBottomRightRadius": "3px",
                  "borderBottomWidth": "0px",
                  "borderLeftWidth": "0px",
                  "borderRightWidth": "0px",
                  "borderTopLeftRadius": "3px",
                  "borderTopRightRadius": "3px",
                  "borderTopWidth": "0px",
                  "boxSizing": "border-box",
                  "color": "rgba(27,149,224,1.00)",
                  "display": "flex",
                  "flexBasis": "auto",
                  "flexShrink": 0,
                  "fontFamily": "system-ui, -apple-system, BlinkMacSystemFont, \\"Segoe UI\\", Roboto, Ubuntu, \\"Helvetica Neue\\", sans-serif",
                  "fontSize": "24px",
                  "fontStyle": "inherit",
                  "fontVariant": "inherit",
                  "fontWeight": "bold",
                  "lineHeight": "inherit",
                  "marginBottom": "10px",
                  "marginLeft": "0px",
                  "marginRight": "0px",
                  "marginTop": "10px",
                  "msFlexItemAlign": "start",
                  "msFlexNegative": 0,
                  "msFlexPreferredSize": "auto",
                  "paddingBottom": "0px",
                  "paddingLeft": "10px",
                  "paddingRight": "0px",
                  "paddingTop": "0px",
                  "textDecoration": "none",
                  "whiteSpace": "pre-wrap",
                  "width": "100%",
                  "wordWrap": "break-word",
                }
              }
            >
              Contact
            </div>
          </div>
        </div>
      </div>
    </div>
  </div>
</div>
`;
